2025-05-15 23:28:08 [] INFO  org.hibernate.validator.internal.util.Version - HV000001: Hibernate Validator 8.0.2.Final
2025-05-15 23:28:09 [] INFO  com.example.tailormaster.TailorMasterAppApplication - Starting TailorMasterAppApplication using Java 17.0.2 with PID 8716 (E:\Development-Workspaces\tailor-master-app\tailor-master-app\target\classes started by wajiz.pk in E:\Development-Workspaces\tailor-master-app\tailor-master-app)
2025-05-15 23:28:09 [] INFO  com.example.tailormaster.TailorMasterAppApplication - No active profile set, falling back to 1 default profile: "default"
2025-05-15 23:28:09 [] INFO  org.springframework.boot.devtools.env.DevToolsPropertyDefaultsPostProcessor - Devtools property defaults active! Set 'spring.devtools.add-properties' to 'false' to disable
2025-05-15 23:28:09 [] INFO  org.springframework.boot.devtools.env.DevToolsPropertyDefaultsPostProcessor - For additional web related logging consider setting the 'logging.level.web' property to 'DEBUG'
2025-05-15 23:28:13 [] INFO  org.springframework.data.repository.config.RepositoryConfigurationDelegate - Bootstrapping Spring Data JPA repositories in DEFAULT mode.
2025-05-15 23:28:14 [] INFO  org.springframework.data.repository.config.RepositoryConfigurationDelegate - Finished Spring Data repository scanning in 473 ms. Found 12 JPA repository interfaces.
2025-05-15 23:28:16 [] INFO  org.springframework.boot.web.embedded.tomcat.TomcatWebServer - Tomcat initialized with port 8080 (http)
2025-05-15 23:28:16 [] INFO  org.apache.coyote.http11.Http11NioProtocol - Initializing ProtocolHandler ["http-nio-8080"]
2025-05-15 23:28:16 [] INFO  org.apache.catalina.core.StandardService - Starting service [Tomcat]
2025-05-15 23:28:16 [] INFO  org.apache.catalina.core.StandardEngine - Starting Servlet engine: [Apache Tomcat/10.1.40]
2025-05-15 23:28:16 [] INFO  org.apache.catalina.core.ContainerBase.[Tomcat].[localhost].[/tailor-master] - Initializing Spring embedded WebApplicationContext
2025-05-15 23:28:16 [] INFO  org.springframework.boot.web.servlet.context.ServletWebServerApplicationContext - Root WebApplicationContext: initialization completed in 6863 ms
2025-05-15 23:28:17 [] INFO  org.hibernate.jpa.internal.util.LogHelper - HHH000204: Processing PersistenceUnitInfo [name: default]
2025-05-15 23:28:17 [] INFO  org.hibernate.Version - HHH000412: Hibernate ORM core version 6.6.4.Final
2025-05-15 23:28:17 [] INFO  org.hibernate.cache.internal.RegionFactoryInitiator - HHH000026: Second-level cache disabled
2025-05-15 23:28:21 [] INFO  org.springframework.orm.jpa.persistenceunit.SpringPersistenceUnitInfo - No LoadTimeWeaver setup: ignoring JPA class transformer
2025-05-15 23:28:21 [] INFO  com.zaxxer.hikari.HikariDataSource - HikariPool-1 - Starting...
2025-05-15 23:28:23 [] INFO  com.zaxxer.hikari.pool.HikariPool - HikariPool-1 - Added connection com.mysql.cj.jdbc.ConnectionImpl@57539976
2025-05-15 23:28:23 [] INFO  com.zaxxer.hikari.HikariDataSource - HikariPool-1 - Start completed.
2025-05-15 23:28:23 [] INFO  org.hibernate.orm.connections.pooling - HHH10001005: Database info:
	Database JDBC URL [Connecting through datasource 'HikariDataSource (HikariPool-1)']
	Database driver: undefined/unknown
	Database version: 8.0.28
	Autocommit mode: undefined/unknown
	Isolation level: undefined/unknown
	Minimum pool size: undefined/unknown
	Maximum pool size: undefined/unknown
2025-05-15 23:28:28 [] INFO  org.hibernate.engine.transaction.jta.platform.internal.JtaPlatformInitiator - HHH000489: No JTA platform available (set 'hibernate.transaction.jta.platform' to enable JTA platform integration)
2025-05-15 23:28:28 [] INFO  org.springframework.orm.jpa.LocalContainerEntityManagerFactoryBean - Initialized JPA EntityManagerFactory for persistence unit 'default'
2025-05-15 23:28:29 [] INFO  org.springframework.data.jpa.repository.query.QueryEnhancerFactory - Hibernate is in classpath; If applicable, HQL parser will be used.
2025-05-15 23:28:36 [] WARN  org.springframework.boot.autoconfigure.orm.jpa.JpaBaseConfiguration$JpaWebConfiguration - spring.jpa.open-in-view is enabled by default. Therefore, database queries may be performed during view rendering. Explicitly configure spring.jpa.open-in-view to disable this warning
2025-05-15 23:28:37 [] INFO  org.springframework.security.config.annotation.authentication.configuration.InitializeAuthenticationProviderBeanManagerConfigurer$InitializeAuthenticationProviderManagerConfigurer - Global AuthenticationManager configured with AuthenticationProvider bean with name authenticationProvider
2025-05-15 23:28:37 [] WARN  org.springframework.security.config.annotation.authentication.configuration.InitializeUserDetailsBeanManagerConfigurer$InitializeUserDetailsManagerConfigurer - Global AuthenticationManager configured with an AuthenticationProvider bean. UserDetailsService beans will not be used by Spring Security for automatically configuring username/password login. Consider removing the AuthenticationProvider bean. Alternatively, consider using the UserDetailsService in a manually instantiated DaoAuthenticationProvider. If the current configuration is intentional, to turn off this warning, increase the logging level of 'org.springframework.security.config.annotation.authentication.configuration.InitializeUserDetailsBeanManagerConfigurer' to ERROR
2025-05-15 23:28:39 [] INFO  org.springframework.boot.devtools.autoconfigure.OptionalLiveReloadServer - LiveReload server is running on port 35729
2025-05-15 23:28:39 [] INFO  org.apache.coyote.http11.Http11NioProtocol - Starting ProtocolHandler ["http-nio-8080"]
2025-05-15 23:28:39 [] INFO  org.springframework.boot.web.embedded.tomcat.TomcatWebServer - Tomcat started on port 8080 (http) with context path '/tailor-master'
2025-05-15 23:28:39 [] INFO  com.example.tailormaster.TailorMasterAppApplication - Started TailorMasterAppApplication in 32.951 seconds (process running for 39.283)
2025-05-15 23:52:47 [] INFO  org.apache.catalina.core.ContainerBase.[Tomcat].[localhost].[/tailor-master] - Initializing Spring DispatcherServlet 'dispatcherServlet'
2025-05-15 23:52:47 [] INFO  org.springframework.web.servlet.DispatcherServlet - Initializing Servlet 'dispatcherServlet'
2025-05-15 23:52:47 [] INFO  org.springframework.web.servlet.DispatcherServlet - Completed initialization in 91 ms
2025-05-15 23:52:47 [] WARN  org.apache.catalina.util.SessionIdGeneratorBase - Creation of SecureRandom instance for session ID generation using [SHA1PRNG] took [269] milliseconds.
2025-05-15 23:52:47 [ANONYMOUS] INFO  com.example.tailormaster.filter.LoggingInterceptor - User 'ANONYMOUS' is requesting: GET /tailor-master/login
2025-05-15 23:52:48 [ANONYMOUS] INFO  com.example.tailormaster.controller.AuthController - Accessed login page
2025-05-15 23:53:02 [abdullateef] INFO  com.example.tailormaster.filter.LoggingInterceptor - User 'abdullateef' is requesting: GET /tailor-master/dashboard
2025-05-15 23:53:02 [abdullateef] INFO  com.example.tailormaster.controller.AuthController - User 'abdullateef' accessed the dashboard
2025-05-15 23:53:04 [abdullateef] INFO  com.example.tailormaster.filter.LoggingInterceptor - User 'abdullateef' is requesting: GET /tailor-master/dashboard/notifications/upcoming-deliveries
2025-05-15 23:53:04 [abdullateef] INFO  com.example.tailormaster.filter.LoggingInterceptor - User 'abdullateef' is requesting: GET /tailor-master/dashboard/total-customers
2025-05-15 23:53:04 [abdullateef] INFO  com.example.tailormaster.filter.LoggingInterceptor - User 'abdullateef' is requesting: GET /tailor-master/dashboard/total-orders
2025-05-15 23:53:04 [abdullateef] INFO  com.example.tailormaster.filter.LoggingInterceptor - User 'abdullateef' is requesting: GET /tailor-master/dashboard/pending-payments
2025-05-15 23:53:04 [abdullateef] INFO  com.example.tailormaster.filter.LoggingInterceptor - User 'abdullateef' is requesting: GET /tailor-master/dashboard/revenue-this-month
2025-05-15 23:53:04 [abdullateef] INFO  com.example.tailormaster.filter.LoggingInterceptor - User 'abdullateef' is requesting: GET /tailor-master/dashboard/monthly-revenue-trends
2025-05-15 23:53:04 [abdullateef] INFO  com.example.tailormaster.controller.dashboard.DashboardController - Requested upcoming deliveries.
2025-05-15 23:53:04 [abdullateef] INFO  com.example.tailormaster.controller.dashboard.DashboardController - Requested revenue-this-month.
2025-05-15 23:53:04 [abdullateef] INFO  com.example.tailormaster.controller.dashboard.DashboardController - Requested total customers.
2025-05-15 23:53:04 [abdullateef] INFO  com.example.tailormaster.controller.dashboard.DashboardController - Requested total orders.
2025-05-15 23:53:04 [abdullateef] INFO  com.example.tailormaster.service.dashboard.DashboardService - Revenue this month: 12000.00
2025-05-15 23:53:04 [abdullateef] INFO  com.example.tailormaster.controller.dashboard.DashboardController - Revenue this month: 12000.00
2025-05-15 23:53:04 [abdullateef] INFO  com.example.tailormaster.controller.dashboard.DashboardController - Requested monthly-revenue-trends.
2025-05-15 23:53:04 [abdullateef] INFO  com.example.tailormaster.controller.dashboard.DashboardController - Requested pending payments.
2025-05-15 23:53:04 [abdullateef] INFO  com.example.tailormaster.service.dashboard.DashboardService - Total pending payments: 7
2025-05-15 23:53:04 [abdullateef] INFO  com.example.tailormaster.controller.dashboard.DashboardController - Pending payments: 7
2025-05-15 23:53:04 [abdullateef] INFO  com.example.tailormaster.service.dashboard.DashboardService - Upcoming deliveries fetched: 8
2025-05-15 23:53:04 [abdullateef] INFO  com.example.tailormaster.controller.dashboard.DashboardController - Upcoming deliveries fetched: 8
2025-05-15 23:53:04 [abdullateef] INFO  com.example.tailormaster.filter.LoggingInterceptor - User 'abdullateef' is requesting: GET /tailor-master/dashboard/order-status-counts
2025-05-15 23:53:04 [abdullateef] INFO  com.example.tailormaster.service.dashboard.DashboardService - Monthly revenue trends fetched successfully
2025-05-15 23:53:04 [abdullateef] INFO  com.example.tailormaster.filter.LoggingInterceptor - User 'abdullateef' is requesting: GET /tailor-master/dashboard/recent-orders
2025-05-15 23:53:04 [abdullateef] INFO  com.example.tailormaster.filter.LoggingInterceptor - User 'abdullateef' is requesting: GET /tailor-master/dashboard/customers/top
2025-05-15 23:53:04 [abdullateef] INFO  com.example.tailormaster.controller.dashboard.DashboardController - Requested order-status-counts.
2025-05-15 23:53:04 [abdullateef] INFO  com.example.tailormaster.service.dashboard.DashboardService - Order status counts: {Cancelled=1, Pending=8, InProgress=1, Completed=41, Ready for Pickup=7}
2025-05-15 23:53:04 [abdullateef] INFO  com.example.tailormaster.controller.dashboard.DashboardController - Order status counts: {Cancelled=1, Pending=8, InProgress=1, Completed=41, Ready for Pickup=7}
2025-05-15 23:53:05 [abdullateef] INFO  com.example.tailormaster.controller.dashboard.DashboardController - Requested top customers.
2025-05-15 23:53:05 [abdullateef] INFO  com.example.tailormaster.controller.dashboard.DashboardController - Requested recent-orders.
2025-05-15 23:53:05 [abdullateef] INFO  com.example.tailormaster.service.dashboard.DashboardService - Recent orders fetched: 5 orders
2025-05-15 23:53:05 [abdullateef] INFO  com.example.tailormaster.controller.dashboard.DashboardController - Recent orders fetched: 5
2025-05-15 23:53:05 [abdullateef] INFO  com.example.tailormaster.service.dashboard.DashboardService - Top customers fetched: 5
2025-05-15 23:53:05 [abdullateef] INFO  com.example.tailormaster.controller.dashboard.DashboardController - Top customers fetched: 5
2025-05-15 23:53:05 [abdullateef] INFO  com.example.tailormaster.service.dashboard.DashboardService - Total customers: 50
2025-05-15 23:53:05 [abdullateef] INFO  com.example.tailormaster.controller.dashboard.DashboardController - Total customers: 50
2025-05-15 23:53:05 [abdullateef] INFO  com.example.tailormaster.service.dashboard.DashboardService - Total orders: 51
2025-05-15 23:53:05 [abdullateef] INFO  com.example.tailormaster.controller.dashboard.DashboardController - Total orders: 51
2025-05-15 23:53:17 [abdullateef] INFO  com.example.tailormaster.filter.LoggingInterceptor - User 'abdullateef' is requesting: GET /tailor-master/customers
2025-05-15 23:53:17 [abdullateef] INFO  com.example.tailormaster.filter.LoggingInterceptor - User 'abdullateef' is requesting: GET /tailor-master/dashboard/notifications/upcoming-deliveries
2025-05-15 23:53:17 [abdullateef] INFO  com.example.tailormaster.filter.LoggingInterceptor - User 'abdullateef' is requesting: GET /tailor-master/customers/datatable
2025-05-15 23:53:17 [abdullateef] INFO  com.example.tailormaster.controller.dashboard.DashboardController - Requested upcoming deliveries.
2025-05-15 23:53:17 [abdullateef] INFO  com.example.tailormaster.service.dashboard.DashboardService - Upcoming deliveries fetched: 8
2025-05-15 23:53:17 [abdullateef] INFO  com.example.tailormaster.controller.dashboard.DashboardController - Upcoming deliveries fetched: 8
2025-05-15 23:53:17 [abdullateef] INFO  com.example.tailormaster.controller.CustomerController - Fetching customers data with search value: , sort direction: asc, start date: null, end date: null
2025-05-15 23:53:23 [abdullateef] INFO  com.example.tailormaster.filter.LoggingInterceptor - User 'abdullateef' is requesting: GET /tailor-master/orders/create/tWsmT8SSztPig5VIsHEwujlX7P6xvo9zMD_Uk6xhl8o=
2025-05-15 23:53:23 [abdullateef] INFO  com.example.tailormaster.controller.OrderController - Displaying create order form for customer ID: tWsmT8SSztPig5VIsHEwujlX7P6xvo9zMD_Uk6xhl8o=
2025-05-15 23:53:24 [abdullateef] INFO  com.example.tailormaster.filter.LoggingInterceptor - User 'abdullateef' is requesting: GET /tailor-master/dashboard/notifications/upcoming-deliveries
2025-05-15 23:53:24 [abdullateef] INFO  com.example.tailormaster.controller.dashboard.DashboardController - Requested upcoming deliveries.
2025-05-15 23:53:24 [abdullateef] INFO  com.example.tailormaster.service.dashboard.DashboardService - Upcoming deliveries fetched: 8
2025-05-15 23:53:24 [abdullateef] INFO  com.example.tailormaster.controller.dashboard.DashboardController - Upcoming deliveries fetched: 8
2025-05-15 23:54:11 [abdullateef] INFO  com.example.tailormaster.filter.LoggingInterceptor - User 'abdullateef' is requesting: POST /tailor-master/orders/create
2025-05-15 23:54:11 [abdullateef] INFO  com.example.tailormaster.controller.OrderController - Attempting to create a new order for customer ID: pwpuQc0peUiuStkVVdbu9KwEFASwtNtS185XAFiKrNA=
2025-05-15 23:54:11 [abdullateef] INFO  com.example.tailormaster.service.product.ProductService - Fetching product by ID: 2
2025-05-15 23:54:11 [abdullateef] INFO  com.example.tailormaster.service.product.ProductService - Fetching product by ID: 1
2025-05-15 23:54:11 [abdullateef] INFO  com.example.tailormaster.service.order.OrderService - Order saved with ID: 104
2025-05-15 23:54:11 [abdullateef] INFO  com.example.tailormaster.controller.OrderController - Order created successfully: Order(customer=Customer(fullName=MeasurementTest, phoneNumber=03224499009, enabled=false), orderDate=2025-05-15, deliveryDate=2025-05-16, advancePayment=1000, duePayment=6500.00, totalProductAmount=7500.00, orderId=JGT-250515-001, user=User(username=abdullateef, fullName=Ahmed Raza, fathersName=null, phone1=03453759863, phone2=, dateOfBirth=2000-01-01, shopName=Jinan Gents Tailor, proprietorName=Ahmed Raza, shopAddress=Shop No. 1, Apple Residency, Opp Adam Square Monak Jee Street, Soldier Bazar No. 2, Karachi., shortCode=JGT, enabled=true), status=PENDING, cabinetNo=null, pickupStatus=NOT_PICKED_UP, pickupDate=null, pickedUpWithDue=false, outstandingDueAmount=0, paidAmount=1000)
2025-05-15 23:54:11 [abdullateef] INFO  com.example.tailormaster.filter.LoggingInterceptor - User 'abdullateef' is requesting: GET /tailor-master/orders
2025-05-15 23:54:11 [abdullateef] INFO  com.example.tailormaster.controller.OrderController - User accessed the orders list page.
2025-05-15 23:54:13 [abdullateef] INFO  com.example.tailormaster.filter.LoggingInterceptor - User 'abdullateef' is requesting: GET /tailor-master/dashboard/notifications/upcoming-deliveries
2025-05-15 23:54:13 [abdullateef] INFO  com.example.tailormaster.filter.LoggingInterceptor - User 'abdullateef' is requesting: GET /tailor-master/orders/datatable
2025-05-15 23:54:14 [abdullateef] INFO  com.example.tailormaster.controller.dashboard.DashboardController - Requested upcoming deliveries.
2025-05-15 23:54:14 [abdullateef] INFO  com.example.tailormaster.service.dashboard.DashboardService - Upcoming deliveries fetched: 9
2025-05-15 23:54:14 [abdullateef] INFO  com.example.tailormaster.controller.dashboard.DashboardController - Upcoming deliveries fetched: 9
2025-05-15 23:54:14 [abdullateef] INFO  com.example.tailormaster.controller.OrderController - Fetching paginated orders for datatable - draw: 1, start: 0, length: 10, search: , column: 0, direction: asc, startDate: null, endDate: null
2025-05-15 23:54:14 [abdullateef] INFO  com.example.tailormaster.service.order.OrderService - Fetched paginated orders with custom payment filter - draw: 1, start: 0, length: 10, filtered: 52, total: 52
2025-05-15 23:54:25 [abdullateef] INFO  com.example.tailormaster.filter.LoggingInterceptor - User 'abdullateef' is requesting: GET /tailor-master/orders/details/HFxQxcBa0xneKzCsJPTO-ZriTk6S0Nyo7ZyME5c_-Zo=
2025-05-15 23:54:25 [abdullateef] INFO  com.example.tailormaster.controller.OrderController - Displaying order details: Order(customer=Customer(fullName=MeasurementTest, phoneNumber=03224499009, enabled=false), orderDate=2025-05-15, deliveryDate=2025-05-16, advancePayment=1000.00, duePayment=6500.00, totalProductAmount=7500.00, orderId=JGT-250515-001, user=User(username=abdullateef, fullName=Ahmed Raza, fathersName=null, phone1=03453759863, phone2=, dateOfBirth=2000-01-01, shopName=Jinan Gents Tailor, proprietorName=Ahmed Raza, shopAddress=Shop No. 1, Apple Residency, Opp Adam Square Monak Jee Street, Soldier Bazar No. 2, Karachi., shortCode=JGT, enabled=true), status=PENDING, cabinetNo=null, pickupStatus=NOT_PICKED_UP, pickupDate=null, pickedUpWithDue=false, outstandingDueAmount=0.00, paidAmount=1000.00)
2025-05-15 23:54:26 [abdullateef] INFO  com.example.tailormaster.filter.LoggingInterceptor - User 'abdullateef' is requesting: GET /tailor-master/dashboard/notifications/upcoming-deliveries
2025-05-15 23:54:26 [abdullateef] INFO  com.example.tailormaster.controller.dashboard.DashboardController - Requested upcoming deliveries.
2025-05-15 23:54:26 [abdullateef] INFO  com.example.tailormaster.service.dashboard.DashboardService - Upcoming deliveries fetched: 9
2025-05-15 23:54:26 [abdullateef] INFO  com.example.tailormaster.controller.dashboard.DashboardController - Upcoming deliveries fetched: 9
2025-05-15 23:54:34 [abdullateef] INFO  com.example.tailormaster.filter.LoggingInterceptor - User 'abdullateef' is requesting: GET /tailor-master/orders/generate-order-receipt/xEVDiAGFF66x5m3BqAfTLUeTQL1rFR9KtniEJyLF-5c=
2025-05-15 23:54:34 [abdullateef] INFO  com.example.tailormaster.controller.ReceiptController - Attempting to generate order receipt for order ID: xEVDiAGFF66x5m3BqAfTLUeTQL1rFR9KtniEJyLF-5c=
2025-05-15 23:55:31 [abdullateef] INFO  com.example.tailormaster.filter.LoggingInterceptor - User 'abdullateef' is requesting: GET /tailor-master/orders/details/xiWpVSVRMcTVejRA-LCi3r5_1T-nyIwGudMzMOc8ZvI=
2025-05-15 23:55:31 [abdullateef] INFO  com.example.tailormaster.controller.OrderController - Displaying order details: Order(customer=Customer(fullName=MeasurementTest, phoneNumber=03224499009, enabled=false), orderDate=2025-05-15, deliveryDate=2025-05-16, advancePayment=1000.00, duePayment=6500.00, totalProductAmount=7500.00, orderId=JGT-250515-001, user=User(username=abdullateef, fullName=Ahmed Raza, fathersName=null, phone1=03453759863, phone2=, dateOfBirth=2000-01-01, shopName=Jinan Gents Tailor, proprietorName=Ahmed Raza, shopAddress=Shop No. 1, Apple Residency, Opp Adam Square Monak Jee Street, Soldier Bazar No. 2, Karachi., shortCode=JGT, enabled=true), status=PENDING, cabinetNo=null, pickupStatus=NOT_PICKED_UP, pickupDate=null, pickedUpWithDue=false, outstandingDueAmount=0.00, paidAmount=1000.00)
2025-05-15 23:55:31 [abdullateef] INFO  com.example.tailormaster.filter.LoggingInterceptor - User 'abdullateef' is requesting: GET /tailor-master/dashboard/notifications/upcoming-deliveries
2025-05-15 23:55:31 [abdullateef] INFO  com.example.tailormaster.controller.dashboard.DashboardController - Requested upcoming deliveries.
2025-05-15 23:55:31 [abdullateef] INFO  com.example.tailormaster.service.dashboard.DashboardService - Upcoming deliveries fetched: 9
2025-05-15 23:55:31 [abdullateef] INFO  com.example.tailormaster.controller.dashboard.DashboardController - Upcoming deliveries fetched: 9
2025-05-15 23:55:34 [abdullateef] INFO  com.example.tailormaster.filter.LoggingInterceptor - User 'abdullateef' is requesting: GET /tailor-master/orders/generate-measurement/Gwq771zU5YWt21hQX78toXxnYB7D62fmvD7SxzlXH_g=
2025-05-15 23:55:34 [abdullateef] INFO  com.example.tailormaster.controller.ReceiptController - Attempting to generate measurement for order ID: Gwq771zU5YWt21hQX78toXxnYB7D62fmvD7SxzlXH_g=
2025-05-15 23:55:49 [abdullateef] INFO  com.example.tailormaster.filter.LoggingInterceptor - User 'abdullateef' is requesting: GET /tailor-master/orders/details/yBhtG6pwlMDtGD9K7nTqsK6aevcA9GuRwb_q2zQPLHw=
2025-05-15 23:55:50 [abdullateef] INFO  com.example.tailormaster.controller.OrderController - Displaying order details: Order(customer=Customer(fullName=MeasurementTest, phoneNumber=03224499009, enabled=false), orderDate=2025-05-15, deliveryDate=2025-05-16, advancePayment=1000.00, duePayment=6500.00, totalProductAmount=7500.00, orderId=JGT-250515-001, user=User(username=abdullateef, fullName=Ahmed Raza, fathersName=null, phone1=03453759863, phone2=, dateOfBirth=2000-01-01, shopName=Jinan Gents Tailor, proprietorName=Ahmed Raza, shopAddress=Shop No. 1, Apple Residency, Opp Adam Square Monak Jee Street, Soldier Bazar No. 2, Karachi., shortCode=JGT, enabled=true), status=PENDING, cabinetNo=null, pickupStatus=NOT_PICKED_UP, pickupDate=null, pickedUpWithDue=false, outstandingDueAmount=0.00, paidAmount=1000.00)
2025-05-15 23:55:50 [abdullateef] INFO  com.example.tailormaster.filter.LoggingInterceptor - User 'abdullateef' is requesting: GET /tailor-master/dashboard/notifications/upcoming-deliveries
2025-05-15 23:55:50 [abdullateef] INFO  com.example.tailormaster.controller.dashboard.DashboardController - Requested upcoming deliveries.
2025-05-15 23:55:50 [abdullateef] INFO  com.example.tailormaster.service.dashboard.DashboardService - Upcoming deliveries fetched: 9
2025-05-15 23:55:50 [abdullateef] INFO  com.example.tailormaster.controller.dashboard.DashboardController - Upcoming deliveries fetched: 9
2025-05-15 23:55:52 [abdullateef] INFO  com.example.tailormaster.filter.LoggingInterceptor - User 'abdullateef' is requesting: GET /tailor-master/orders/generate-order-receipt/CRsq1lG4jjmQWdKJTD7xifwJRUJYPxh8ZQl8eMv1RNA=
2025-05-15 23:55:52 [abdullateef] INFO  com.example.tailormaster.controller.ReceiptController - Attempting to generate order receipt for order ID: CRsq1lG4jjmQWdKJTD7xifwJRUJYPxh8ZQl8eMv1RNA=
